
ahmed was here!